Godot Engine v4.5.1.stable.official.f62fdbde1 - https://godotengine.org
TextServer: Added interface "Dummy"
TextServer: Added interface "ICU / HarfBuzz / Graphite (Built-in)"
Unrecognized output string "misc2" in mapping:
030000007e0500006920000001010000,Nintendo Switch 2 Pro Controller,a:b0,b:b1,back:b14,dpdown:b8,dpleft:b10,dpright:b9,dpup:b11,guide:b16,leftshoulder:b12,leftstick:b15,lefttrigger:b13,leftx:a0,lefty:a1~,misc1:b17,misc2:b20,paddle1:b18,paddle2:b19,rightshoulder:b4,rightstick:b7,righttrigger:b5,rightx:a2,righty:a3~,start:b6,x:b2,y:b3,platform:Mac OS X,
SDL: Init OK!
Using "default" pen tablet driver...

TextServer: Primary interface set to: "ICU / HarfBuzz / Graphite (Built-in)".
CORE API HASH: 937899573
EDITOR API HASH: 1777164193
Loading resource: res://tests/run_tests.gd
SceneTreeFTI: traversal method DEFAULT
ERROR: Condition "ret != noErr" is true. Returning: ""
   at: get_system_ca_certificates (platform/macos/os_macos.mm:991)
Loaded builtin CA certificates
Loading resource: res://scenes/Dice.tscn
Loading resource: res://scripts/Dice.gd
Loading resource: res://scenes/D4.tscn
Loading resource: res://scripts/D4.gd
Loading resource: res://scenes/D4.tscn
Loading resource: res://scenes/D8.tscn
Loading resource: res://scripts/D8.gd
Loading resource: res://scenes/D8.tscn
Loading resource: res://scenes/Dice.tscn
Loading resource: res://scenes/D4.tscn
Loading resource: res://scenes/D8.tscn
Loading resource: res://scenes/D10.tscn
Loading resource: res://scripts/D10.gd
Loading resource: res://scenes/D12.tscn
Loading resource: res://scripts/D12.gd
Loading resource: res://scenes/D20.tscn
Loading resource: res://scripts/D20.gd
Loading resource: res://scenes/D10.tscn
Loading resource: res://scenes/D10.tscn
Loading resource: res://scenes/D12.tscn
Loading resource: res://scenes/D12.tscn
Loading resource: res://scenes/D20.tscn
Loading resource: res://scenes/D20.tscn
Loading resource: res://scenes/Main.tscn
Loading resource: res://scripts/Main.gd
Loading resource: res://scenes/Dice.tscn
Loading resource: res://scenes/D4.tscn
Loading resource: res://scenes/D8.tscn
Loading resource: res://scenes/D10.tscn
Loading resource: res://scenes/D12.tscn
Loading resource: res://scenes/D20.tscn
Loading resource: res://scripts/Game.gd
Tests: 9453 assertions, 0 failures
XR: Clearing primary interface
XR: Removed interface "Native mobile"
XR: Removed interface "OpenXR"
